Copyright 1986-2017 Xilinx, Inc. All Rights Reserved.
---------------------------------------------------------------------------------------
| Tool Version : Vivado v.2017.4 (win64) Build 2086221 Fri Dec 15 20:55:39 MST 2017
| Date         : Mon Mar 19 17:49:34 2018
| Host         : laptop-nicklas running 64-bit major release  (build 9200)
| Command      : report_control_sets -verbose -file risc_cpu_8_control_sets_placed.rpt
| Design       : risc_cpu_8
| Device       : xc7z020
---------------------------------------------------------------------------------------

Control Set Information

Table of Contents
-----------------
1. Summary
2. Flip-Flop Distribution
3. Detailed Control Set Information

1. Summary
----------

+----------------------------------------------------------+-------+
|                          Status                          | Count |
+----------------------------------------------------------+-------+
| Number of unique control sets                            |    20 |
| Unused register locations in slices containing registers |    94 |
+----------------------------------------------------------+-------+


2. Flip-Flop Distribution
-------------------------

+--------------+-----------------------+------------------------+-----------------+--------------+
| Clock Enable | Synchronous Set/Reset | Asynchronous Set/Reset | Total Registers | Total Slices |
+--------------+-----------------------+------------------------+-----------------+--------------+
| No           | No                    | No                     |              13 |           10 |
| No           | No                    | Yes                    |               0 |            0 |
| No           | Yes                   | No                     |              13 |            7 |
| Yes          | No                    | No                     |               0 |            0 |
| Yes          | No                    | Yes                    |               0 |            0 |
| Yes          | Yes                   | No                     |              40 |           16 |
+--------------+-----------------------+------------------------+-----------------+--------------+


3. Detailed Control Set Information
-----------------------------------

+--------------------------------------------------------+-------------------------------------------------+------------------------------------------------------------------+------------------+----------------+
|                      Clock Signal                      |                  Enable Signal                  |                         Set/Reset Signal                         | Slice Load Count | Bel Load Count |
+--------------------------------------------------------+-------------------------------------------------+------------------------------------------------------------------+------------------+----------------+
|  risc_controller_8_component/data_a_sel_reg[1]_i_2_n_0 |                                                 | risc_controller_8_component//i__n_0                              |                1 |              1 |
|  risc_controller_8_component/data_a_sel_reg[0]_i_2_n_0 |                                                 | risc_controller_8_component/FSM_onehot_state_current_reg_n_0_[2] |                1 |              1 |
|  risc_controller_8_component/a_enable_reg/G0           |                                                 |                                                                  |                1 |              1 |
|  risc_controller_8_component/data_in_sel_reg/G0        |                                                 |                                                                  |                1 |              1 |
|  risc_controller_8_component/operation_debug_reg[0]/G0 |                                                 |                                                                  |                1 |              1 |
|  risc_controller_8_component/operation_debug_reg[2]/G0 |                                                 |                                                                  |                1 |              1 |
|  risc_controller_8_component/carry_in_reg/G0           |                                                 |                                                                  |                1 |              1 |
|  risc_controller_8_component/operation_debug_reg[1]/G0 |                                                 |                                                                  |                1 |              1 |
|  risc_controller_8_component/operation_debug_reg[3]/G0 |                                                 |                                                                  |                1 |              1 |
|  risc_controller_8_component/pc_increment_reg/G0       |                                                 |                                                                  |                1 |              1 |
|  risc_controller_8_component//i_/i___0_n_0             |                                                 |                                                                  |                1 |              2 |
|  risc_controller_8_component//i_/i__n_0                |                                                 |                                                                  |                1 |              3 |
|  clk_IBUF_BUFG                                         | risc_controller_8_component/p_0_in              | risc_controller_8_component/pc_reset                             |                1 |              4 |
|  clk_IBUF_BUFG                                         | risc_controller_8_component/pc_increment_reg/Q  | risc_controller_8_component/pc0                                  |                1 |              4 |
| ~clk_IBUF_BUFG                                         |                                                 | reset_IBUF                                                       |                2 |              5 |
|  risc_controller_8_component/i___0_i_1_n_0             |                                                 | risc_controller_8_component/alu_sel_reg[1]_i_2_n_0               |                3 |              6 |
|  clk_IBUF_BUFG                                         | risc_controller_8_component/reg_out_reg[7]_0[0] | reset_IBUF                                                       |                3 |              8 |
|  clk_IBUF_BUFG                                         | risc_controller_8_component/E[0]                | reset_IBUF                                                       |                4 |              8 |
|  clk_IBUF_BUFG                                         | risc_controller_8_component/reg_out_reg[7]_1[0] | reset_IBUF                                                       |                3 |              8 |
|  clk_IBUF_BUFG                                         | risc_controller_8_component/a_enable_reg/Q      | reset_IBUF                                                       |                4 |              8 |
+--------------------------------------------------------+-------------------------------------------------+------------------------------------------------------------------+------------------+----------------+


+--------+-----------------------+
| Fanout | Number of ControlSets |
+--------+-----------------------+
| 1      |                    10 |
| 2      |                     1 |
| 3      |                     1 |
| 4      |                     2 |
| 5      |                     1 |
| 6      |                     1 |
| 8      |                     4 |
+--------+-----------------------+


